// Vitest Snapshot v1

exports[`Brand Logo component > Mount BrandLogo component with 360monitoring 1`] = `
<a
  class="text-app-logo block"
>
  
  <svg
    class="h-[38px] relative top-[-1px]"
    fill="none"
    viewBox="0 0 143 38"
    xmlns="http://www.w3.org/2000/svg"
  >
    <!--v-if-->
    <g>
      <g
        id="icon_2"
      >
        <path
          d="M110.08 36.25c-.77 0-1.57-.03-2.34-.17-4.79-.6-9-3.06-11.98-6.9a17.8 17.8 0 0 1-3.58-13.37A18.08 18.08 0 0 1 105.32.62a17.8 17.8 0 0 1 7-.46c3.14.44 6.09 1.62 8.6 3.54.46.33.53 1 .2 1.44-.34.47-1 .54-1.44.2a15.88 15.88 0 0 0-19.4.04 15.69 15.69 0 0 0-6.06 10.64A16.1 16.1 0 0 0 108 34a15.88 15.88 0 0 0 11.78-3.2 15.68 15.68 0 0 0 6.05-10.64c.2-1.6.17-3.23-.1-4.82a1.02 1.02 0 0 1 2.01-.33 18.06 18.06 0 0 1-6.72 17.49 17.44 17.44 0 0 1-10.94 3.74Z"
          fill="url(#paint5_linear_304_21)"
        />
        <path
          d="M110.08 36.25c-.77 0-1.57-.03-2.34-.17-4.79-.6-9-3.06-11.98-6.9a17.8 17.8 0 0 1-3.58-13.37A18.08 18.08 0 0 1 105.32.62a17.8 17.8 0 0 1 7-.46c3.14.44 6.09 1.62 8.6 3.54.46.33.53 1 .2 1.44-.34.47-1 .54-1.44.2a15.88 15.88 0 0 0-19.4.04 15.69 15.69 0 0 0-6.06 10.64A16.1 16.1 0 0 0 108 34a15.88 15.88 0 0 0 11.78-3.2 15.68 15.68 0 0 0 6.05-10.64c.2-1.6.17-3.23-.1-4.82a1.02 1.02 0 0 1 2.01-.33 18.06 18.06 0 0 1-6.72 17.49 17.44 17.44 0 0 1-10.94 3.74Z"
          fill="url(#paint6_linear_304_21)"
        />
        <path
          d="M126.03 15.54h-.2a2.96 2.96 0 0 1-2.14-1.07 3.15 3.15 0 0 1 1.34-5.04 3.13 3.13 0 0 1 3.04 5.34c-.56.5-1.29.78-2.04.78v-.01Zm-1-3.2c0 .3.1.55.27.78a.94.94 0 0 0 .7.34c.27 0 .54-.1.77-.27a.95.95 0 0 0 .34-.7 1.05 1.05 0 0 0-.97-1.12.99.99 0 0 0-1.1.98l-.01-.01Z"
          fill="#53BCE6"
        />
        <path
          d="M122.05 15.65a6.9 6.9 0 0 0-1.1-2.1c-.46-.57-1.04-1.01-1.7-1.3a5.39 5.39 0 0 0-2.21-.44c-.8 0-1.58.13-2.24.43a4.5 4.5 0 0 0-1.74 1.25c-.5.61-.88 1.32-1.1 2.09-.28.8-.38 1.78-.38 2.9 0 1 .14 1.9.37 2.72.27.8.64 1.55 1.1 2.09.47.6 1.08 1 1.75 1.3.66.3 1.4.45 2.2.45a4.97 4.97 0 0 0 5.05-3.81c.27-.8.37-1.75.37-2.76a7.26 7.26 0 0 0-.37-2.82Zm-5.01-1.92c.7 0 1.33.2 1.8.6.5.37.9.95 1.14 1.62.23.67.37 1.48.44 2.39 0 .94-.17 1.75-.44 2.46-.27.7-.64 1.28-1.14 1.65a3 3 0 0 1-3.61 0c-.5-.37-.9-.95-1.14-1.62a6.96 6.96 0 0 1-.36-2.42c0-.95.13-1.75.36-2.43.27-.67.64-1.24 1.14-1.61.44-.4 1.07-.64 1.8-.64h.01Z"
          fill="url(#paint7_linear_304_21)"
        />
        <path
          d="M111.58 17.26a3.6 3.6 0 0 0-1.87-.5c-.77 0-1.4.16-1.94.47l3.04-5.42h-2.4a167.4 167.4 0 0 0-3.15 5.89 6.5 6.5 0 0 0-.1 5.02 4.23 4.23 0 0 0 3.8 2.35c.77.02 1.53-.16 2.22-.5a3.8 3.8 0 0 0 1.6-1.48c.44-.64.64-1.42.64-2.26 0-.77-.16-1.48-.53-2.1a3.46 3.46 0 0 0-1.3-1.47h-.01Zm-.4 4.82a2 2 0 0 1-.9.84 2.6 2.6 0 0 1-3.38-.88c-.2-.33-.33-.77-.33-1.14v-.34a2.08 2.08 0 0 1 1.23-1.85c.37-.17.77-.3 1.24-.3a2.59 2.59 0 0 1 2.14 1.1c.2.34.34.78.34 1.25 0 .5-.1.95-.34 1.32Z"
          fill="url(#paint8_linear_304_21)"
        />
        <path
          d="M105.02 17.36c-.36-.31-.8-.53-1.26-.64-.3-.1-.6-.14-.9-.13l2.9-4.78h-6.92v1.98h3.88l-2.78 4.38-.03.03.17.14h.03c.2-.1.43-.14.67-.2.27-.04.53-.1.94-.1.7 0 1.3.2 1.73.6.44.44.64.98.64 1.72 0 .54-.13 1-.33 1.4-.2.38-.54.72-.94.96a2.65 2.65 0 0 1-2.57 0 2.6 2.6 0 0 1-.98-.78l-.03-.1-1.07 1.72.03.03c.44.45.98.8 1.58 1 .63.28 1.27.38 1.87.38.83 0 1.6-.17 2.27-.54.67-.37 1.27-.9 1.64-1.58.44-.67.64-1.48.64-2.4 0-.7-.14-1.34-.34-1.87a3.6 3.6 0 0 0-.83-1.22h-.01Z"
          fill="url(#paint9_linear_304_21)"
        />
      </g>
      <path
        d="M2.6 37.02H0V9.16c2.2-.7 4.38-1.04 6.52-1.04 1.57 0 2.97.23 4.24.7a8.5 8.5 0 0 1 3.26 2.06c.9.87 1.6 1.93 2.07 3.1.47 1.17.7 2.52.7 3.93a9.08 9.08 0 0 1-3.18 7.44 9.63 9.63 0 0 1-3.27 1.75 12.8 12.8 0 0 1-5.79.4c-.67-.1-1.3-.24-2-.4l.06 9.92H2.6Zm11.17-19.15c0-2.22-.63-4-1.84-5.38-1.23-1.38-2.97-2.05-5.21-2.05a14 14 0 0 0-2.08.13c-.67.1-1.37.24-2.04.47v13.6c.64.24 1.24.37 1.91.54.67.13 1.27.23 1.87.23 2.28 0 4.05-.67 5.39-1.95 1.33-1.34 2-3.2 2-5.58v-.01Zm8.36 9.63V.64h2.68V27.5h-2.69.01Zm24.44-2.8a9.24 9.24 0 0 1-3.07 2.2c-1.14.5-2.58.73-4.25.73a8.65 8.65 0 0 1-6.85-2.9 9.14 9.14 0 0 1-1.7-3.05 12.81 12.81 0 0 1 .12-8.04 8.92 8.92 0 0 1 1.88-3.07c.77-.8 1.7-1.43 2.74-1.82 1.06-.41 2.18-.61 3.31-.6 2.8 0 4.88.84 6.32 2.59 1.44 1.72 2.1 4.24 2.07 7.54H32.87a7.8 7.8 0 0 0 1.87 5.18c1.13 1.28 2.74 1.92 4.78 1.92a7 7 0 0 0 5.52-2.36l1.53 1.69v-.01ZM44.43 16c0-.77-.13-1.55-.36-2.22a4.76 4.76 0 0 0-2.79-2.91 6.92 6.92 0 0 0-2.47-.43 7 7 0 0 0-2.51.44 4 4 0 0 0-1.64 1.14 7.54 7.54 0 0 0-1.8 4.04l11.57-.07Zm20.13-3.13a6.38 6.38 0 0 0-2.14-1.85c-.77-.4-1.67-.6-2.74-.6-1.37 0-2.3.23-2.87.7-.57.47-.8 1.1-.8 1.85 0 .5.13.94.36 1.3.24.35.6.69 1 .92.46.26.94.49 1.44.68.54.2 1.14.37 1.67.57.7.23 1.44.47 2.14.74a9 9 0 0 1 1.98 1.07 4.6 4.6 0 0 1 2.04 3.98 4.95 4.95 0 0 1-2.11 4.1c-.68.49-1.43.85-2.24 1.08-.87.23-1.77.37-2.77.37a9.84 9.84 0 0 1-4.02-.74 9.34 9.34 0 0 1-3.3-2.5l2.07-1.84a6.5 6.5 0 0 0 5.38 2.69c1.44 0 2.5-.27 3.18-.8.66-.55 1.03-1.2 1.03-1.96 0-.6-.13-1.08-.37-1.48-.23-.4-.6-.7-1.03-1.01-.44-.3-.94-.5-1.54-.7-.57-.2-1.17-.38-1.8-.58-.7-.23-1.44-.44-2.11-.7a8.5 8.5 0 0 1-1.9-.98 4.56 4.56 0 0 1-1.38-1.52 4.55 4.55 0 0 1-.53-2.35c0-1.68.63-3 1.84-3.94 1.2-.9 2.8-1.38 4.74-1.38 1.37 0 2.61.24 3.68.7a8.1 8.1 0 0 1 3.08 2.43l-1.98 1.78v-.03Zm7.1 14.64V.68h2.67v26.79l-2.68.03h.01Zm2.63-9.9 9.13-9.28H87l-9.36 9.22 9.33 9.96h-3.68l-9-9.9Z"
        fill="currentColor"
        id="letters"
      />
      <path
        d="M31.4 36.25H15.13v-2.5h16.25v2.5h.02Z"
        fill="#53BAE4"
        id="underscore"
      />
    </g>
    <defs>
      <lineargradient
        gradientUnits="userSpaceOnUse"
        id="paint0_linear_304_21"
        x1="31.17"
        x2="1.09"
        y1="17.4"
        y2="21.9"
      >
        <stop
          stop-color="#DF4050"
        />
        <stop
          offset=".95"
          stop-color="#722378"
        />
      </lineargradient>
      <lineargradient
        gradientUnits="userSpaceOnUse"
        id="paint1_linear_304_21"
        x1="18.27"
        x2="18.27"
        y1="7.48"
        y2="13.73"
      >
        <stop
          stop-color="#762378"
        />
        <stop
          offset="1"
          stop-color="#762378"
          stop-opacity="0"
        />
      </lineargradient>
      <lineargradient
        gradientUnits="userSpaceOnUse"
        id="paint2_linear_304_21"
        x1="19.82"
        x2="30.82"
        y1="19.67"
        y2="19.67"
      >
        <stop
          stop-color="#722378"
        />
        <stop
          offset="1"
          stop-color="#DF4050"
        />
      </lineargradient>
      <lineargradient
        gradientUnits="userSpaceOnUse"
        id="paint3_linear_304_21"
        x1="12.85"
        x2="21.69"
        y1="19.68"
        y2="19.68"
      >
        <stop
          stop-color="#722378"
        />
        <stop
          offset="1"
          stop-color="#DF4050"
        />
      </lineargradient>
      <lineargradient
        gradientUnits="userSpaceOnUse"
        id="paint4_linear_304_21"
        x1="6.23"
        x2="14.37"
        y1="19.63"
        y2="19.63"
      >
        <stop
          stop-color="#722378"
        />
        <stop
          offset="1"
          stop-color="#DF4050"
        />
      </lineargradient>
      <lineargradient
        gradientUnits="userSpaceOnUse"
        id="paint5_linear_304_21"
        x1="98.4"
        x2="118.61"
        y1="6.73"
        y2="26.41"
      >
        <stop
          stop-color="#4AA6CC"
        />
        <stop
          offset="1"
          stop-color="#53BCE6"
        />
      </lineargradient>
      <lineargradient
        gradientUnits="userSpaceOnUse"
        id="paint6_linear_304_21"
        x1="110.05"
        x2="110.05"
        y1="6.39"
        y2="12.56"
      >
        <stop
          stop-color="#4AA6CC"
        />
        <stop
          offset="1"
          stop-color="#4AA6CC"
          stop-opacity="0"
        />
      </lineargradient>
      <lineargradient
        gradientUnits="userSpaceOnUse"
        id="paint7_linear_304_21"
        x1="112.9"
        x2="120.09"
        y1="15.06"
        y2="20.84"
      >
        <stop
          stop-color="#4AA6CC"
        />
        <stop
          offset=".21"
          stop-color="#4DAED5"
        />
        <stop
          offset=".61"
          stop-color="#52B8E2"
        />
        <stop
          offset="1"
          stop-color="#53BCE6"
        />
      </lineargradient>
      <lineargradient
        gradientUnits="userSpaceOnUse"
        id="paint8_linear_304_21"
        x1="105.27"
        x2="112"
        y1="15.83"
        y2="20.19"
      >
        <stop
          stop-color="#4AA6CC"
        />
        <stop
          offset=".21"
          stop-color="#4DAED5"
        />
        <stop
          offset=".61"
          stop-color="#52B8E2"
        />
        <stop
          offset="1"
          stop-color="#53BCE6"
        />
      </lineargradient>
      <lineargradient
        gradientUnits="userSpaceOnUse"
        id="paint9_linear_304_21"
        x1="98.68"
        x2="105.15"
        y1="15.77"
        y2="19.64"
      >
        <stop
          stop-color="#4AA6CC"
        />
        <stop
          offset=".21"
          stop-color="#4DAED5"
        />
        <stop
          offset=".61"
          stop-color="#52B8E2"
        />
        <stop
          offset="1"
          stop-color="#53BCE6"
        />
      </lineargradient>
    </defs>
  </svg>
  
</a>
`;

exports[`Brand Logo component > Mount BrandLogo component with Plesk360 1`] = `
<a
  class="text-app-logo block"
>
  
  <svg
    class="h-[38px] relative top-[-1px]"
    fill="none"
    viewBox="0 0 143 38"
    xmlns="http://www.w3.org/2000/svg"
  >
    <g>
      <g
        id="icon"
      >
        <path
          d="M18.3 37.73c-.78 0-1.6-.03-2.37-.17a18.13 18.13 0 0 1-12.14-7A18.03 18.03 0 0 1 .16 17.03a18.3 18.3 0 0 1 6.95-12.2 18.03 18.03 0 0 1 13.46-3.66c3.19.44 6.17 1.64 8.71 3.58.48.34.54 1.03.2 1.47-.33.48-1.01.55-1.45.2a16.1 16.1 0 0 0-19.66.03 15.9 15.9 0 0 0-6.14 10.79A16.3 16.3 0 0 0 16.2 35.45a16.1 16.1 0 0 0 11.93-3.24 15.9 15.9 0 0 0 6.13-10.78c.2-1.64.17-3.28-.1-4.88-.1-.55.3-1.13.85-1.2.54-.1 1.12.31 1.19.86.3 1.8.34 3.65.13 5.52a18.3 18.3 0 0 1-6.95 12.22 17.67 17.67 0 0 1-11.08 3.78Z"
          fill="url(#paint0_linear_304_21)"
        />
        <path
          d="M18.3 37.73c-.78 0-1.6-.03-2.37-.17a18.13 18.13 0 0 1-12.14-7A18.03 18.03 0 0 1 .16 17.03a18.3 18.3 0 0 1 6.95-12.2 18.03 18.03 0 0 1 13.46-3.66c3.19.44 6.17 1.64 8.71 3.58.48.34.54 1.03.2 1.47-.33.48-1.01.55-1.45.2a16.1 16.1 0 0 0-19.66.03 15.9 15.9 0 0 0-6.14 10.79A16.3 16.3 0 0 0 16.2 35.45a16.1 16.1 0 0 0 11.93-3.24 15.9 15.9 0 0 0 6.13-10.78c.2-1.64.17-3.28-.1-4.88-.1-.55.3-1.13.85-1.2.54-.1 1.12.31 1.19.86.3 1.8.34 3.65.13 5.52a18.3 18.3 0 0 1-6.95 12.22 17.67 17.67 0 0 1-11.08 3.78Z"
          fill="url(#paint1_linear_304_21)"
        />
        <path
          d="M34.47 16.75h-.2a3 3 0 0 1-2.17-1.09 3.2 3.2 0 0 1-.78-2.29c.1-1.74 1.59-3.1 3.35-2.96a3.17 3.17 0 0 1 1.87 5.56c-.58.5-1.3.78-2.07.78Zm-1.02-3.24c0 .3.1.55.27.79.17.2.44.34.71.34.28 0 .55-.1.78-.28.2-.17.34-.44.34-.71.04-.62-.44-1.1-.98-1.13a1 1 0 0 0-1.12 1Z"
          fill="#DF4050"
        />
        <path
          d="M30.43 16.85a6.97 6.97 0 0 0-1.11-2.11 4.64 4.64 0 0 0-1.73-1.33 5.35 5.35 0 0 0-2.24-.45c-.81 0-1.6.14-2.27.45-.68.27-1.26.68-1.76 1.26a5.94 5.94 0 0 0-1.12 2.12c-.27.81-.38 1.8-.38 2.93 0 1.02.14 1.94.38 2.76.27.82.64 1.57 1.12 2.12a4.5 4.5 0 0 0 1.76 1.33c.68.3 1.42.44 2.24.44a5.04 5.04 0 0 0 5.12-3.86c.27-.81.37-1.77.37-2.79a7.35 7.35 0 0 0-.38-2.87Zm-5.08-1.94c.71 0 1.36.2 1.83.61.5.38.92.96 1.15 1.64a6.95 6.95 0 0 1 0 4.91 3.6 3.6 0 0 1-1.15 1.68 3.03 3.03 0 0 1-3.66 0c-.5-.38-.92-.96-1.15-1.64a7.05 7.05 0 0 1-.38-2.46c0-.95.14-1.77.38-2.45.27-.69.64-1.27 1.15-1.64.44-.41 1.08-.65 1.83-.65Z"
          fill="url(#paint2_linear_304_21)"
        />
        <path
          d="M19.82 18.5a3.69 3.69 0 0 0-1.9-.52 3.9 3.9 0 0 0-1.96.48l3.09-5.5H16.6c-.94 1.68-2.8 5.19-3.18 5.98a6.59 6.59 0 0 0-.1 5.08c.34.78.95 1.33 1.62 1.77a4.74 4.74 0 0 0 4.48.1 3.86 3.86 0 0 0 1.63-1.5 4 4 0 0 0 .64-2.28c0-.79-.17-1.5-.54-2.12a3.52 3.52 0 0 0-1.33-1.5Zm-.4 4.87c-.2.38-.51.65-.92.85a2.63 2.63 0 0 1-2.5-.03c-.38-.2-.68-.51-.92-.85-.2-.34-.34-.79-.34-1.16v-.34c0-.38.14-.79.34-1.1.2-.34.5-.61.91-.78.38-.17.78-.3 1.26-.3a2.63 2.63 0 0 1 2.17 1.12c.2.34.34.78.34 1.26 0 .51-.1.96-.34 1.33Z"
          fill="url(#paint3_linear_304_21)"
        />
        <path
          d="M13.18 18.6c-.37-.31-.81-.55-1.29-.65-.3-.1-.6-.14-.91-.14l2.95-4.85H6.9v2.02h3.93L8.03 19.4l-.04.04.17.13h.04c.2-.1.44-.13.68-.2.27-.04.54-.1.95-.1.7 0 1.32.2 1.76.61.44.44.64.99.64 1.74 0 .55-.13 1.02-.34 1.43a2.56 2.56 0 0 1-2.23 1.3c-.48 0-.92-.14-1.33-.34-.44-.2-.78-.51-.98-.79l-.03-.1-1.09 1.74.04.04c.44.44.94.78 1.59 1.02.64.27 1.29.37 1.9.37a4.7 4.7 0 0 0 2.3-.54 4.19 4.19 0 0 0 1.66-1.6c.44-.69.65-1.5.65-2.43 0-.71-.14-1.36-.34-1.9a3.6 3.6 0 0 0-.85-1.24Z"
          fill="url(#paint4_linear_304_21)"
        />
      </g>
      <path
        d="M55.98 27V16.16L51.3 24.5h-1.1l-4.7-8.34V27h-1.8V12.8h1.9l5.14 9.22 5.16-9.22h1.88V27h-1.8Zm9.3.2a5.15 5.15 0 0 1-2.76-.74 5.35 5.35 0 0 1-2.5-4.66 5.3 5.3 0 0 1 2.52-4.66c.8-.5 1.72-.76 2.74-.76a5.1 5.1 0 0 1 4.6 2.74c.46.81.68 1.7.68 2.68a5.49 5.49 0 0 1-2.52 4.66c-.78.5-1.7.74-2.76.74Zm-3.46-5.38a3.88 3.88 0 0 0 1.72 3.36c.52.33 1.1.5 1.74.5.64 0 1.22-.17 1.74-.52.54-.35.96-.81 1.26-1.4.32-.6.48-1.26.48-1.98a4.03 4.03 0 0 0-1.74-3.36 3.07 3.07 0 0 0-1.74-.52c-.64 0-1.22.18-1.74.54a3.88 3.88 0 0 0-1.72 3.38ZM81.76 27H80v-5.84c0-1.1-.18-1.91-.52-2.42-.34-.52-.85-.78-1.54-.78-.48 0-.96.12-1.44.36-.47.24-.89.57-1.26.98-.36.4-.62.87-.78 1.4V27H72.7V16.56h1.6v2.24c.41-.73 1-1.32 1.78-1.76a5.16 5.16 0 0 1 2.56-.66c.81 0 1.44.2 1.88.58a3 3 0 0 1 .96 1.56c.18.65.28 1.4.28 2.24V27Zm2.73-12.4v-2.2h1.76v2.2H84.5Zm0 12.4V16.56h1.76V27H84.5Zm10.01-.52c-.21.1-.55.23-1.02.4-.45.17-.96.26-1.52.26a2.7 2.7 0 0 1-1.66-.52c-.46-.36-.7-.91-.7-1.66v-7.02h-1.42v-1.38h1.42v-3.48h1.76v3.48h2.34v1.38h-2.34v6.48c.03.37.16.65.38.84.23.17.5.26.8.26.35 0 .67-.06.96-.18.3-.12.49-.2.58-.26l.42 1.4Zm6.06.72a5.15 5.15 0 0 1-2.76-.74 5.35 5.35 0 0 1-2.5-4.66 5.31 5.31 0 0 1 2.52-4.66c.8-.5 1.71-.76 2.74-.76a5.1 5.1 0 0 1 4.6 2.74c.45.81.68 1.7.68 2.68a5.49 5.49 0 0 1-2.52 4.66c-.79.5-1.7.74-2.76.74Zm-3.46-5.38a3.88 3.88 0 0 0 1.72 3.36c.52.33 1.1.5 1.74.5.64 0 1.22-.17 1.74-.52.53-.35.95-.81 1.26-1.4.32-.6.48-1.26.48-1.98a4.03 4.03 0 0 0-1.74-3.36 3.07 3.07 0 0 0-1.74-.52c-.64 0-1.22.18-1.74.54a3.88 3.88 0 0 0-1.72 3.38Zm16.4-3.72c-.89.01-1.67.24-2.35.68a3.48 3.48 0 0 0-1.42 1.78V27h-1.76V16.56h1.64v2.42c.36-.72.83-1.3 1.42-1.74.6-.45 1.23-.7 1.88-.76h.34c.1 0 .17 0 .24.02v1.6Zm1.74-3.5v-2.2H117v2.2h-1.76Zm0 12.4V16.56H117V27h-1.76Zm13.67 0h-1.76v-5.84c0-1.1-.18-1.91-.52-2.42-.34-.52-.85-.78-1.54-.78-.48 0-.96.12-1.44.36a4.4 4.4 0 0 0-1.26.98c-.36.4-.62.87-.78 1.4V27h-1.76V16.56h1.6v2.24a4.6 4.6 0 0 1 1.78-1.76 5.16 5.16 0 0 1 2.56-.66c.8 0 1.44.2 1.88.58a3 3 0 0 1 .96 1.56c.18.65.28 1.4.28 2.24V27Zm6.9.12a4.4 4.4 0 0 1-2.53-.74 5.33 5.33 0 0 1-1.7-1.98 6.03 6.03 0 0 1 0-5.3c.42-.83.99-1.49 1.72-1.98a4.4 4.4 0 0 1 2.52-.74c.87 0 1.62.21 2.26.64.66.43 1.2.97 1.64 1.62v-2.08h1.56v10.32a4.22 4.22 0 0 1-2.64 4.04c-.8.36-1.7.54-2.68.54a5.9 5.9 0 0 1-2.88-.62 5.47 5.47 0 0 1-1.86-1.68l1.02-.9a3.9 3.9 0 0 0 1.6 1.38 5 5 0 0 0 2.12.46c.64 0 1.23-.12 1.76-.36.55-.23.98-.58 1.3-1.06.34-.48.5-1.08.5-1.8v-1.84a4.18 4.18 0 0 1-1.6 1.52c-.66.37-1.37.56-2.12.56Zm.53-1.44c.5 0 .97-.11 1.42-.34.46-.23.84-.52 1.14-.88.32-.36.53-.73.62-1.12v-3a3.87 3.87 0 0 0-1.36-1.74 3.27 3.27 0 0 0-1.98-.7 3 3 0 0 0-1.84.58c-.5.39-.9.88-1.18 1.48-.26.6-.4 1.23-.4 1.88a3.94 3.94 0 0 0 1.76 3.32c.55.35 1.16.52 1.82.52Z"
        fill="currentColor"
        id="letters"
      />
    </g>
    <!--v-if-->
    <defs>
      <lineargradient
        gradientUnits="userSpaceOnUse"
        id="paint0_linear_304_21"
        x1="31.17"
        x2="1.09"
        y1="17.4"
        y2="21.9"
      >
        <stop
          stop-color="#DF4050"
        />
        <stop
          offset=".95"
          stop-color="#722378"
        />
      </lineargradient>
      <lineargradient
        gradientUnits="userSpaceOnUse"
        id="paint1_linear_304_21"
        x1="18.27"
        x2="18.27"
        y1="7.48"
        y2="13.73"
      >
        <stop
          stop-color="#762378"
        />
        <stop
          offset="1"
          stop-color="#762378"
          stop-opacity="0"
        />
      </lineargradient>
      <lineargradient
        gradientUnits="userSpaceOnUse"
        id="paint2_linear_304_21"
        x1="19.82"
        x2="30.82"
        y1="19.67"
        y2="19.67"
      >
        <stop
          stop-color="#722378"
        />
        <stop
          offset="1"
          stop-color="#DF4050"
        />
      </lineargradient>
      <lineargradient
        gradientUnits="userSpaceOnUse"
        id="paint3_linear_304_21"
        x1="12.85"
        x2="21.69"
        y1="19.68"
        y2="19.68"
      >
        <stop
          stop-color="#722378"
        />
        <stop
          offset="1"
          stop-color="#DF4050"
        />
      </lineargradient>
      <lineargradient
        gradientUnits="userSpaceOnUse"
        id="paint4_linear_304_21"
        x1="6.23"
        x2="14.37"
        y1="19.63"
        y2="19.63"
      >
        <stop
          stop-color="#722378"
        />
        <stop
          offset="1"
          stop-color="#DF4050"
        />
      </lineargradient>
      <lineargradient
        gradientUnits="userSpaceOnUse"
        id="paint5_linear_304_21"
        x1="98.4"
        x2="118.61"
        y1="6.73"
        y2="26.41"
      >
        <stop
          stop-color="#4AA6CC"
        />
        <stop
          offset="1"
          stop-color="#53BCE6"
        />
      </lineargradient>
      <lineargradient
        gradientUnits="userSpaceOnUse"
        id="paint6_linear_304_21"
        x1="110.05"
        x2="110.05"
        y1="6.39"
        y2="12.56"
      >
        <stop
          stop-color="#4AA6CC"
        />
        <stop
          offset="1"
          stop-color="#4AA6CC"
          stop-opacity="0"
        />
      </lineargradient>
      <lineargradient
        gradientUnits="userSpaceOnUse"
        id="paint7_linear_304_21"
        x1="112.9"
        x2="120.09"
        y1="15.06"
        y2="20.84"
      >
        <stop
          stop-color="#4AA6CC"
        />
        <stop
          offset=".21"
          stop-color="#4DAED5"
        />
        <stop
          offset=".61"
          stop-color="#52B8E2"
        />
        <stop
          offset="1"
          stop-color="#53BCE6"
        />
      </lineargradient>
      <lineargradient
        gradientUnits="userSpaceOnUse"
        id="paint8_linear_304_21"
        x1="105.27"
        x2="112"
        y1="15.83"
        y2="20.19"
      >
        <stop
          stop-color="#4AA6CC"
        />
        <stop
          offset=".21"
          stop-color="#4DAED5"
        />
        <stop
          offset=".61"
          stop-color="#52B8E2"
        />
        <stop
          offset="1"
          stop-color="#53BCE6"
        />
      </lineargradient>
      <lineargradient
        gradientUnits="userSpaceOnUse"
        id="paint9_linear_304_21"
        x1="98.68"
        x2="105.15"
        y1="15.77"
        y2="19.64"
      >
        <stop
          stop-color="#4AA6CC"
        />
        <stop
          offset=".21"
          stop-color="#4DAED5"
        />
        <stop
          offset=".61"
          stop-color="#52B8E2"
        />
        <stop
          offset="1"
          stop-color="#53BCE6"
        />
      </lineargradient>
    </defs>
  </svg>
  
</a>
`;

exports[`Brand Logo component > Mount BrandLogo component with logo 1`] = `
<a
  class="text-app-logo block"
>
  
  <svg
    class="h-[38px] relative top-[-1px]"
    fill="none"
    viewBox="0 0 143 38"
    xmlns="http://www.w3.org/2000/svg"
  >
    <!--v-if-->
    <g>
      <g
        id="icon_2"
      >
        <path
          d="M110.08 36.25c-.77 0-1.57-.03-2.34-.17-4.79-.6-9-3.06-11.98-6.9a17.8 17.8 0 0 1-3.58-13.37A18.08 18.08 0 0 1 105.32.62a17.8 17.8 0 0 1 7-.46c3.14.44 6.09 1.62 8.6 3.54.46.33.53 1 .2 1.44-.34.47-1 .54-1.44.2a15.88 15.88 0 0 0-19.4.04 15.69 15.69 0 0 0-6.06 10.64A16.1 16.1 0 0 0 108 34a15.88 15.88 0 0 0 11.78-3.2 15.68 15.68 0 0 0 6.05-10.64c.2-1.6.17-3.23-.1-4.82a1.02 1.02 0 0 1 2.01-.33 18.06 18.06 0 0 1-6.72 17.49 17.44 17.44 0 0 1-10.94 3.74Z"
          fill="url(#paint5_linear_304_21)"
        />
        <path
          d="M110.08 36.25c-.77 0-1.57-.03-2.34-.17-4.79-.6-9-3.06-11.98-6.9a17.8 17.8 0 0 1-3.58-13.37A18.08 18.08 0 0 1 105.32.62a17.8 17.8 0 0 1 7-.46c3.14.44 6.09 1.62 8.6 3.54.46.33.53 1 .2 1.44-.34.47-1 .54-1.44.2a15.88 15.88 0 0 0-19.4.04 15.69 15.69 0 0 0-6.06 10.64A16.1 16.1 0 0 0 108 34a15.88 15.88 0 0 0 11.78-3.2 15.68 15.68 0 0 0 6.05-10.64c.2-1.6.17-3.23-.1-4.82a1.02 1.02 0 0 1 2.01-.33 18.06 18.06 0 0 1-6.72 17.49 17.44 17.44 0 0 1-10.94 3.74Z"
          fill="url(#paint6_linear_304_21)"
        />
        <path
          d="M126.03 15.54h-.2a2.96 2.96 0 0 1-2.14-1.07 3.15 3.15 0 0 1 1.34-5.04 3.13 3.13 0 0 1 3.04 5.34c-.56.5-1.29.78-2.04.78v-.01Zm-1-3.2c0 .3.1.55.27.78a.94.94 0 0 0 .7.34c.27 0 .54-.1.77-.27a.95.95 0 0 0 .34-.7 1.05 1.05 0 0 0-.97-1.12.99.99 0 0 0-1.1.98l-.01-.01Z"
          fill="#53BCE6"
        />
        <path
          d="M122.05 15.65a6.9 6.9 0 0 0-1.1-2.1c-.46-.57-1.04-1.01-1.7-1.3a5.39 5.39 0 0 0-2.21-.44c-.8 0-1.58.13-2.24.43a4.5 4.5 0 0 0-1.74 1.25c-.5.61-.88 1.32-1.1 2.09-.28.8-.38 1.78-.38 2.9 0 1 .14 1.9.37 2.72.27.8.64 1.55 1.1 2.09.47.6 1.08 1 1.75 1.3.66.3 1.4.45 2.2.45a4.97 4.97 0 0 0 5.05-3.81c.27-.8.37-1.75.37-2.76a7.26 7.26 0 0 0-.37-2.82Zm-5.01-1.92c.7 0 1.33.2 1.8.6.5.37.9.95 1.14 1.62.23.67.37 1.48.44 2.39 0 .94-.17 1.75-.44 2.46-.27.7-.64 1.28-1.14 1.65a3 3 0 0 1-3.61 0c-.5-.37-.9-.95-1.14-1.62a6.96 6.96 0 0 1-.36-2.42c0-.95.13-1.75.36-2.43.27-.67.64-1.24 1.14-1.61.44-.4 1.07-.64 1.8-.64h.01Z"
          fill="url(#paint7_linear_304_21)"
        />
        <path
          d="M111.58 17.26a3.6 3.6 0 0 0-1.87-.5c-.77 0-1.4.16-1.94.47l3.04-5.42h-2.4a167.4 167.4 0 0 0-3.15 5.89 6.5 6.5 0 0 0-.1 5.02 4.23 4.23 0 0 0 3.8 2.35c.77.02 1.53-.16 2.22-.5a3.8 3.8 0 0 0 1.6-1.48c.44-.64.64-1.42.64-2.26 0-.77-.16-1.48-.53-2.1a3.46 3.46 0 0 0-1.3-1.47h-.01Zm-.4 4.82a2 2 0 0 1-.9.84 2.6 2.6 0 0 1-3.38-.88c-.2-.33-.33-.77-.33-1.14v-.34a2.08 2.08 0 0 1 1.23-1.85c.37-.17.77-.3 1.24-.3a2.59 2.59 0 0 1 2.14 1.1c.2.34.34.78.34 1.25 0 .5-.1.95-.34 1.32Z"
          fill="url(#paint8_linear_304_21)"
        />
        <path
          d="M105.02 17.36c-.36-.31-.8-.53-1.26-.64-.3-.1-.6-.14-.9-.13l2.9-4.78h-6.92v1.98h3.88l-2.78 4.38-.03.03.17.14h.03c.2-.1.43-.14.67-.2.27-.04.53-.1.94-.1.7 0 1.3.2 1.73.6.44.44.64.98.64 1.72 0 .54-.13 1-.33 1.4-.2.38-.54.72-.94.96a2.65 2.65 0 0 1-2.57 0 2.6 2.6 0 0 1-.98-.78l-.03-.1-1.07 1.72.03.03c.44.45.98.8 1.58 1 .63.28 1.27.38 1.87.38.83 0 1.6-.17 2.27-.54.67-.37 1.27-.9 1.64-1.58.44-.67.64-1.48.64-2.4 0-.7-.14-1.34-.34-1.87a3.6 3.6 0 0 0-.83-1.22h-.01Z"
          fill="url(#paint9_linear_304_21)"
        />
      </g>
      <path
        d="M2.6 37.02H0V9.16c2.2-.7 4.38-1.04 6.52-1.04 1.57 0 2.97.23 4.24.7a8.5 8.5 0 0 1 3.26 2.06c.9.87 1.6 1.93 2.07 3.1.47 1.17.7 2.52.7 3.93a9.08 9.08 0 0 1-3.18 7.44 9.63 9.63 0 0 1-3.27 1.75 12.8 12.8 0 0 1-5.79.4c-.67-.1-1.3-.24-2-.4l.06 9.92H2.6Zm11.17-19.15c0-2.22-.63-4-1.84-5.38-1.23-1.38-2.97-2.05-5.21-2.05a14 14 0 0 0-2.08.13c-.67.1-1.37.24-2.04.47v13.6c.64.24 1.24.37 1.91.54.67.13 1.27.23 1.87.23 2.28 0 4.05-.67 5.39-1.95 1.33-1.34 2-3.2 2-5.58v-.01Zm8.36 9.63V.64h2.68V27.5h-2.69.01Zm24.44-2.8a9.24 9.24 0 0 1-3.07 2.2c-1.14.5-2.58.73-4.25.73a8.65 8.65 0 0 1-6.85-2.9 9.14 9.14 0 0 1-1.7-3.05 12.81 12.81 0 0 1 .12-8.04 8.92 8.92 0 0 1 1.88-3.07c.77-.8 1.7-1.43 2.74-1.82 1.06-.41 2.18-.61 3.31-.6 2.8 0 4.88.84 6.32 2.59 1.44 1.72 2.1 4.24 2.07 7.54H32.87a7.8 7.8 0 0 0 1.87 5.18c1.13 1.28 2.74 1.92 4.78 1.92a7 7 0 0 0 5.52-2.36l1.53 1.69v-.01ZM44.43 16c0-.77-.13-1.55-.36-2.22a4.76 4.76 0 0 0-2.79-2.91 6.92 6.92 0 0 0-2.47-.43 7 7 0 0 0-2.51.44 4 4 0 0 0-1.64 1.14 7.54 7.54 0 0 0-1.8 4.04l11.57-.07Zm20.13-3.13a6.38 6.38 0 0 0-2.14-1.85c-.77-.4-1.67-.6-2.74-.6-1.37 0-2.3.23-2.87.7-.57.47-.8 1.1-.8 1.85 0 .5.13.94.36 1.3.24.35.6.69 1 .92.46.26.94.49 1.44.68.54.2 1.14.37 1.67.57.7.23 1.44.47 2.14.74a9 9 0 0 1 1.98 1.07 4.6 4.6 0 0 1 2.04 3.98 4.95 4.95 0 0 1-2.11 4.1c-.68.49-1.43.85-2.24 1.08-.87.23-1.77.37-2.77.37a9.84 9.84 0 0 1-4.02-.74 9.34 9.34 0 0 1-3.3-2.5l2.07-1.84a6.5 6.5 0 0 0 5.38 2.69c1.44 0 2.5-.27 3.18-.8.66-.55 1.03-1.2 1.03-1.96 0-.6-.13-1.08-.37-1.48-.23-.4-.6-.7-1.03-1.01-.44-.3-.94-.5-1.54-.7-.57-.2-1.17-.38-1.8-.58-.7-.23-1.44-.44-2.11-.7a8.5 8.5 0 0 1-1.9-.98 4.56 4.56 0 0 1-1.38-1.52 4.55 4.55 0 0 1-.53-2.35c0-1.68.63-3 1.84-3.94 1.2-.9 2.8-1.38 4.74-1.38 1.37 0 2.61.24 3.68.7a8.1 8.1 0 0 1 3.08 2.43l-1.98 1.78v-.03Zm7.1 14.64V.68h2.67v26.79l-2.68.03h.01Zm2.63-9.9 9.13-9.28H87l-9.36 9.22 9.33 9.96h-3.68l-9-9.9Z"
        fill="currentColor"
        id="letters"
      />
      <path
        d="M31.4 36.25H15.13v-2.5h16.25v2.5h.02Z"
        fill="#53BAE4"
        id="underscore"
      />
    </g>
    <defs>
      <lineargradient
        gradientUnits="userSpaceOnUse"
        id="paint0_linear_304_21"
        x1="31.17"
        x2="1.09"
        y1="17.4"
        y2="21.9"
      >
        <stop
          stop-color="#DF4050"
        />
        <stop
          offset=".95"
          stop-color="#722378"
        />
      </lineargradient>
      <lineargradient
        gradientUnits="userSpaceOnUse"
        id="paint1_linear_304_21"
        x1="18.27"
        x2="18.27"
        y1="7.48"
        y2="13.73"
      >
        <stop
          stop-color="#762378"
        />
        <stop
          offset="1"
          stop-color="#762378"
          stop-opacity="0"
        />
      </lineargradient>
      <lineargradient
        gradientUnits="userSpaceOnUse"
        id="paint2_linear_304_21"
        x1="19.82"
        x2="30.82"
        y1="19.67"
        y2="19.67"
      >
        <stop
          stop-color="#722378"
        />
        <stop
          offset="1"
          stop-color="#DF4050"
        />
      </lineargradient>
      <lineargradient
        gradientUnits="userSpaceOnUse"
        id="paint3_linear_304_21"
        x1="12.85"
        x2="21.69"
        y1="19.68"
        y2="19.68"
      >
        <stop
          stop-color="#722378"
        />
        <stop
          offset="1"
          stop-color="#DF4050"
        />
      </lineargradient>
      <lineargradient
        gradientUnits="userSpaceOnUse"
        id="paint4_linear_304_21"
        x1="6.23"
        x2="14.37"
        y1="19.63"
        y2="19.63"
      >
        <stop
          stop-color="#722378"
        />
        <stop
          offset="1"
          stop-color="#DF4050"
        />
      </lineargradient>
      <lineargradient
        gradientUnits="userSpaceOnUse"
        id="paint5_linear_304_21"
        x1="98.4"
        x2="118.61"
        y1="6.73"
        y2="26.41"
      >
        <stop
          stop-color="#4AA6CC"
        />
        <stop
          offset="1"
          stop-color="#53BCE6"
        />
      </lineargradient>
      <lineargradient
        gradientUnits="userSpaceOnUse"
        id="paint6_linear_304_21"
        x1="110.05"
        x2="110.05"
        y1="6.39"
        y2="12.56"
      >
        <stop
          stop-color="#4AA6CC"
        />
        <stop
          offset="1"
          stop-color="#4AA6CC"
          stop-opacity="0"
        />
      </lineargradient>
      <lineargradient
        gradientUnits="userSpaceOnUse"
        id="paint7_linear_304_21"
        x1="112.9"
        x2="120.09"
        y1="15.06"
        y2="20.84"
      >
        <stop
          stop-color="#4AA6CC"
        />
        <stop
          offset=".21"
          stop-color="#4DAED5"
        />
        <stop
          offset=".61"
          stop-color="#52B8E2"
        />
        <stop
          offset="1"
          stop-color="#53BCE6"
        />
      </lineargradient>
      <lineargradient
        gradientUnits="userSpaceOnUse"
        id="paint8_linear_304_21"
        x1="105.27"
        x2="112"
        y1="15.83"
        y2="20.19"
      >
        <stop
          stop-color="#4AA6CC"
        />
        <stop
          offset=".21"
          stop-color="#4DAED5"
        />
        <stop
          offset=".61"
          stop-color="#52B8E2"
        />
        <stop
          offset="1"
          stop-color="#53BCE6"
        />
      </lineargradient>
      <lineargradient
        gradientUnits="userSpaceOnUse"
        id="paint9_linear_304_21"
        x1="98.68"
        x2="105.15"
        y1="15.77"
        y2="19.64"
      >
        <stop
          stop-color="#4AA6CC"
        />
        <stop
          offset=".21"
          stop-color="#4DAED5"
        />
        <stop
          offset=".61"
          stop-color="#52B8E2"
        />
        <stop
          offset="1"
          stop-color="#53BCE6"
        />
      </lineargradient>
    </defs>
  </svg>
  
</a>
`;
